[    1465ms] [WARNING] Google Maps JavaScript API has been loaded directly without loading=async. This can result in suboptimal performance. For best-practice loading patterns please see https://goo.gle/js-api-loading @ https://maps.googleapis.com/maps/api/js?key=AIzaSyBjRZCoAbS_k0MRdrtmdT2wm0Hqspn8O5o&libraries=places:2586
[    6331ms] [WARNING] Google Maps JavaScript API has been loaded directly without loading=async. This can result in suboptimal performance. For best-practice loading patterns please see https://goo.gle/js-api-loading @ https://maps.googleapis.com/maps/api/js?key=AIzaSyBjRZCoAbS_k0MRdrtmdT2wm0Hqspn8O5o&libraries=places:2586
[   10415ms] [WARNING] Unsatisfied version 15.2.10 from po-app of shared singleton module @angular/core (required ^auto) @ https://qa-property-owner.innago.com/main.d27236a1162168a6.js:0
[   10416ms] [WARNING] Unsatisfied version 7.8.2 from po-app of shared singleton module rxjs (required ^auto) @ https://qa-property-owner.innago.com/main.d27236a1162168a6.js:0
[   10417ms] [WARNING] Unsatisfied version 15.2.10 from po-app of shared singleton module @angular/common (required ^auto) @ https://qa-property-owner.innago.com/main.d27236a1162168a6.js:0
[   10417ms] [WARNING] Unsatisfied version 15.2.10 from po-app of shared singleton module @angular/platform-browser (required ^auto) @ https://qa-property-owner.innago.com/main.d27236a1162168a6.js:0
[   10417ms] [WARNING] Unsatisfied version 15.2.2 from po-app of shared singleton module ngx-toastr (required ^auto) @ https://qa-property-owner.innago.com/main.d27236a1162168a6.js:0
[   10417ms] [WARNING] Unsatisfied version 15.2.10 from po-app of shared singleton module @angular/animations (required ^auto) @ https://qa-property-owner.innago.com/main.d27236a1162168a6.js:0
[   10418ms] [WARNING] Unsatisfied version 15.2.10 from po-app of shared singleton module @angular/common/http (required ^auto) @ https://qa-property-owner.innago.com/main.d27236a1162168a6.js:0
[   10418ms] [WARNING] Unsatisfied version 15.2.10 from po-app of shared singleton module @angular/router (required ^auto) @ https://qa-property-owner.innago.com/main.d27236a1162168a6.js:0
[   10419ms] [WARNING] Unsatisfied version 15.2.10 from po-app of shared singleton module @angular/forms (required ^auto) @ https://qa-property-owner.innago.com/main.d27236a1162168a6.js:0
[   10419ms] [WARNING] Unsatisfied version 15.4.0 from po-app of shared singleton module @ngrx/store (required ^auto) @ https://qa-property-owner.innago.com/main.d27236a1162168a6.js:0
[   10419ms] [WARNING] Unsatisfied version 15.4.0 from po-app of shared singleton module @ngrx/effects (required ^auto) @ https://qa-property-owner.innago.com/main.d27236a1162168a6.js:0
[   32510ms] [WARNING] Environment.configService is not initialized. Returning undefined for key: intercomAppId @ https://qa-property-owner.innago.com/1886.4f229667e93ec0e3.js:0
[   32545ms] [WARNING] Environment.configService is not initialized. Returning undefined for key: logLevel @ https://qa-property-owner.innago.com/1886.4f229667e93ec0e3.js:0
[   32545ms] [WARNING] Environment.configService is not initialized. Returning undefined for key: logUrl @ https://qa-property-owner.innago.com/1886.4f229667e93ec0e3.js:0
[   32553ms] [WARNING] Environment.configService is not initialized. Returning undefined for key: logLevel @ https://qa-property-owner.innago.com/1886.4f229667e93ec0e3.js:0
[   32553ms] [WARNING] Environment.configService is not initialized. Returning undefined for key: logUrl @ https://qa-property-owner.innago.com/1886.4f229667e93ec0e3.js:0
[   34721ms] [WARNING] Notifications permission has been blocked as the user has dismissed the permission prompt several times. This can be reset in Page Info which can be accessed by clicking the tune icon next to the URL. See https://www.chromestatus.com/feature/6443143280984064 for more information. @ https://qa-property-owner.innago.com/:0
[   34722ms] [LOG] denied @ https://qa-property-owner.innago.com/1886.4f229667e93ec0e3.js:0
[   35234ms] [LOG] rolledout_help.intercom true @ https://qa-property-owner.innago.com/1886.4f229667e93ec0e3.js:0
[   37209ms] [INFO] [2026-07-24T11:45:37.661Z] Information: WebSocket connected to wss://qa-sockets.innago.com/signalr?id=R3Ie4jTU2qi_-LFcxMKh4Q. @ https://qa-property-owner.innago.com/1886.4f229667e93ec0e3.js:0
[   37879ms] [LOG] 122.161.72.85 @ https://qa-property-owner.innago.com/1886.4f229667e93ec0e3.js:0
[   37982ms] [ERROR] Failed to load resource: the server responded with a status of 500 () @ https://api-qa-my.innago.com/chatms/chat/ck/user/create:0
[   62845ms] [ERROR] The script has an unsupported MIME type ('text/html'). @ :0
[   62848ms] [ERROR] Service worker registration failed with: SecurityError: Failed to register a ServiceWorker for scope ('https://qa-property-owner.innago.com/') with script ('https://qa-property-owner.innago.com/notification-worker.js'): The script has an unsupported MIME type ('text/html'). @ https://qa-property-owner.innago.com/1886.4f229667e93ec0e3.js:0
[   76951ms] [LOG] 122.161.72.85 @ https://qa-property-owner.innago.com/1886.4f229667e93ec0e3.js:0
[   78754ms] [ERROR] Failed to load resource: the server responded with a status of 500 () @ https://api-qa-my.innago.com/income/invoices/group-by-property:0
[   78757ms] [LOG] Error Message:  @ https://qa-property-owner.innago.com/1886.4f229667e93ec0e3.js:0
[   78761ms] [ERROR] Failed to load resource: the server responded with a status of 500 () @ https://api-qa-my.innago.com/income/invoices/overdue-invoices:0
[   78762ms] [LOG] Error Message:  @ https://qa-property-owner.innago.com/1886.4f229667e93ec0e3.js:0
[   78783ms] [ERROR] Failed to load resource: the server responded with a status of 500 () @ https://api-qa-my.innago.com/income/invoices/statics:0
[   78785ms] [LOG] Error Message:  @ https://qa-property-owner.innago.com/1886.4f229667e93ec0e3.js:0
[   80255ms] [ERROR] Failed to load resource: the server responded with a status of 500 () @ https://api-qa-my.innago.com/income/invoices/not-group-income:0
[   80256ms] [LOG] Error Message:  @ https://qa-property-owner.innago.com/1886.4f229667e93ec0e3.js:0
[  129656ms] [WARNING] Google Maps JavaScript API has been loaded directly without loading=async. This can result in suboptimal performance. For best-practice loading patterns please see https://goo.gle/js-api-loading @ https://maps.googleapis.com/maps/api/js?key=AIzaSyBjRZCoAbS_k0MRdrtmdT2wm0Hqspn8O5o&libraries=places:2586
[  129967ms] [WARNING] Unsatisfied version 15.2.10 from po-app of shared singleton module @angular/core (required ^auto) @ https://qa-property-owner.innago.com/main.d27236a1162168a6.js:0
[  129967ms] [WARNING] Unsatisfied version 7.8.2 from po-app of shared singleton module rxjs (required ^auto) @ https://qa-property-owner.innago.com/main.d27236a1162168a6.js:0
[  129968ms] [WARNING] Unsatisfied version 15.2.10 from po-app of shared singleton module @angular/common (required ^auto) @ https://qa-property-owner.innago.com/main.d27236a1162168a6.js:0
[  129969ms] [WARNING] Unsatisfied version 15.2.10 from po-app of shared singleton module @angular/platform-browser (required ^auto) @ https://qa-property-owner.innago.com/main.d27236a1162168a6.js:0
[  129969ms] [WARNING] Unsatisfied version 15.2.2 from po-app of shared singleton module ngx-toastr (required ^auto) @ https://qa-property-owner.innago.com/main.d27236a1162168a6.js:0
[  129969ms] [WARNING] Unsatisfied version 15.2.10 from po-app of shared singleton module @angular/animations (required ^auto) @ https://qa-property-owner.innago.com/main.d27236a1162168a6.js:0
[  129969ms] [WARNING] Unsatisfied version 15.2.10 from po-app of shared singleton module @angular/common/http (required ^auto) @ https://qa-property-owner.innago.com/main.d27236a1162168a6.js:0
[  129970ms] [WARNING] Unsatisfied version 15.2.10 from po-app of shared singleton module @angular/router (required ^auto) @ https://qa-property-owner.innago.com/main.d27236a1162168a6.js:0
[  129970ms] [WARNING] Unsatisfied version 15.2.10 from po-app of shared singleton module @angular/forms (required ^auto) @ https://qa-property-owner.innago.com/main.d27236a1162168a6.js:0
[  129971ms] [WARNING] Unsatisfied version 15.4.0 from po-app of shared singleton module @ngrx/store (required ^auto) @ https://qa-property-owner.innago.com/main.d27236a1162168a6.js:0
[  129971ms] [WARNING] Unsatisfied version 15.4.0 from po-app of shared singleton module @ngrx/effects (required ^auto) @ https://qa-property-owner.innago.com/main.d27236a1162168a6.js:0
[  129989ms] [WARNING] Environment.configService is not initialized. Returning undefined for key: intercomAppId @ https://qa-property-owner.innago.com/1886.4f229667e93ec0e3.js:0
[  129997ms] [WARNING] Environment.configService is not initialized. Returning undefined for key: logLevel @ https://qa-property-owner.innago.com/1886.4f229667e93ec0e3.js:0
[  129998ms] [WARNING] Environment.configService is not initialized. Returning undefined for key: logUrl @ https://qa-property-owner.innago.com/1886.4f229667e93ec0e3.js:0
[  129999ms] [WARNING] Environment.configService is not initialized. Returning undefined for key: logLevel @ https://qa-property-owner.innago.com/1886.4f229667e93ec0e3.js:0
[  129999ms] [WARNING] Environment.configService is not initialized. Returning undefined for key: logUrl @ https://qa-property-owner.innago.com/1886.4f229667e93ec0e3.js:0
[  132801ms] [LOG] denied @ https://qa-property-owner.innago.com/1886.4f229667e93ec0e3.js:0
[  132801ms] [WARNING] Notifications permission has been blocked as the user has dismissed the permission prompt several times. This can be reset in Page Info which can be accessed by clicking the tune icon next to the URL. See https://www.chromestatus.com/feature/6443143280984064 for more information. @ https://qa-property-owner.innago.com/finance/invoices/list/:0
[  133325ms] [LOG] rolledout_help.intercom true @ https://qa-property-owner.innago.com/1886.4f229667e93ec0e3.js:0
[  133337ms] [LOG] 122.161.72.85 @ https://qa-property-owner.innago.com/1886.4f229667e93ec0e3.js:0
[  133450ms] [ERROR] Failed to load resource: the server responded with a status of 500 () @ https://api-qa-my.innago.com/chatms/chat/ck/user/create:0
[  134198ms] [INFO] [2026-07-24T11:47:14.651Z] Information: WebSocket connected to wss://qa-sockets.innago.com/signalr?id=y9PrvjFBRLZpjnXcVv4NLg. @ https://qa-property-owner.innago.com/1886.4f229667e93ec0e3.js:0
[  135083ms] [ERROR] Failed to load resource: the server responded with a status of 500 () @ https://api-qa-my.innago.com/income/invoices/group-by-property:0
[  135085ms] [LOG] Error Message:  @ https://qa-property-owner.innago.com/1886.4f229667e93ec0e3.js:0
[  135092ms] [ERROR] Failed to load resource: the server responded with a status of 500 () @ https://api-qa-my.innago.com/income/invoices/overdue-invoices:0
[  135092ms] [LOG] Error Message:  @ https://qa-property-owner.innago.com/1886.4f229667e93ec0e3.js:0
[  135096ms] [ERROR] Failed to load resource: the server responded with a status of 500 () @ https://api-qa-my.innago.com/income/invoices/statics:0
[  135097ms] [LOG] Error Message:  @ https://qa-property-owner.innago.com/1886.4f229667e93ec0e3.js:0
[  160311ms] [ERROR] The script has an unsupported MIME type ('text/html'). @ :0
[  160313ms] [ERROR] Service worker registration failed with: SecurityError: Failed to register a ServiceWorker for scope ('https://qa-property-owner.innago.com/') with script ('https://qa-property-owner.innago.com/notification-worker.js'): The script has an unsupported MIME type ('text/html'). @ https://qa-property-owner.innago.com/1886.4f229667e93ec0e3.js:0
[  179863ms] [ERROR] Failed to load resource: the server responded with a status of 500 () @ https://api-qa-my.innago.com/income/invoices/group-by-property:0
[  179864ms] [LOG] Error Message:  @ https://qa-property-owner.innago.com/1886.4f229667e93ec0e3.js:0
[  181793ms] [WARNING] Google Maps JavaScript API has been loaded directly without loading=async. This can result in suboptimal performance. For best-practice loading patterns please see https://goo.gle/js-api-loading @ https://maps.googleapis.com/maps/api/js?key=AIzaSyBjRZCoAbS_k0MRdrtmdT2wm0Hqspn8O5o&libraries=places:2586
[  182164ms] [WARNING] Unsatisfied version 15.2.10 from po-app of shared singleton module @angular/core (required ^auto) @ https://qa-property-owner.innago.com/main.d27236a1162168a6.js:0
[  182164ms] [WARNING] Unsatisfied version 7.8.2 from po-app of shared singleton module rxjs (required ^auto) @ https://qa-property-owner.innago.com/main.d27236a1162168a6.js:0
[  182166ms] [WARNING] Unsatisfied version 15.2.10 from po-app of shared singleton module @angular/common (required ^auto) @ https://qa-property-owner.innago.com/main.d27236a1162168a6.js:0
[  182167ms] [WARNING] Unsatisfied version 15.2.10 from po-app of shared singleton module @angular/platform-browser (required ^auto) @ https://qa-property-owner.innago.com/main.d27236a1162168a6.js:0
[  182167ms] [WARNING] Unsatisfied version 15.2.2 from po-app of shared singleton module ngx-toastr (required ^auto) @ https://qa-property-owner.innago.com/main.d27236a1162168a6.js:0
[  182167ms] [WARNING] Unsatisfied version 15.2.10 from po-app of shared singleton module @angular/animations (required ^auto) @ https://qa-property-owner.innago.com/main.d27236a1162168a6.js:0
[  182168ms] [WARNING] Unsatisfied version 15.2.10 from po-app of shared singleton module @angular/common/http (required ^auto) @ https://qa-property-owner.innago.com/main.d27236a1162168a6.js:0
[  182168ms] [WARNING] Unsatisfied version 15.2.10 from po-app of shared singleton module @angular/router (required ^auto) @ https://qa-property-owner.innago.com/main.d27236a1162168a6.js:0
[  182169ms] [WARNING] Unsatisfied version 15.2.10 from po-app of shared singleton module @angular/forms (required ^auto) @ https://qa-property-owner.innago.com/main.d27236a1162168a6.js:0
[  182171ms] [WARNING] Unsatisfied version 15.4.0 from po-app of shared singleton module @ngrx/store (required ^auto) @ https://qa-property-owner.innago.com/main.d27236a1162168a6.js:0
[  182171ms] [WARNING] Unsatisfied version 15.4.0 from po-app of shared singleton module @ngrx/effects (required ^auto) @ https://qa-property-owner.innago.com/main.d27236a1162168a6.js:0
[  182194ms] [WARNING] Environment.configService is not initialized. Returning undefined for key: intercomAppId @ https://qa-property-owner.innago.com/1886.4f229667e93ec0e3.js:0
[  182199ms] [WARNING] Environment.configService is not initialized. Returning undefined for key: logLevel @ https://qa-property-owner.innago.com/1886.4f229667e93ec0e3.js:0
[  182199ms] [WARNING] Environment.configService is not initialized. Returning undefined for key: logUrl @ https://qa-property-owner.innago.com/1886.4f229667e93ec0e3.js:0
[  182201ms] [WARNING] Environment.configService is not initialized. Returning undefined for key: logLevel @ https://qa-property-owner.innago.com/1886.4f229667e93ec0e3.js:0
[  182201ms] [WARNING] Environment.configService is not initialized. Returning undefined for key: logUrl @ https://qa-property-owner.innago.com/1886.4f229667e93ec0e3.js:0
[  184650ms] [LOG] denied @ https://qa-property-owner.innago.com/1886.4f229667e93ec0e3.js:0
[  184650ms] [WARNING] Notifications permission has been blocked as the user has dismissed the permission prompt several times. This can be reset in Page Info which can be accessed by clicking the tune icon next to the URL. See https://www.chromestatus.com/feature/6443143280984064 for more information. @ https://qa-property-owner.innago.com/finance/invoices/list/:0
[  185084ms] [LOG] 122.161.72.85 @ https://qa-property-owner.innago.com/1886.4f229667e93ec0e3.js:0
[  185223ms] [LOG] rolledout_help.intercom true @ https://qa-property-owner.innago.com/1886.4f229667e93ec0e3.js:0
[  185326ms] [ERROR] Failed to load resource: the server responded with a status of 500 () @ https://api-qa-my.innago.com/chatms/chat/ck/user/create:0
[  186083ms] [INFO] [2026-07-24T11:48:06.536Z] Information: WebSocket connected to wss://qa-sockets.innago.com/signalr?id=SpABU9GkaNrLeqWRQNTEKA. @ https://qa-property-owner.innago.com/1886.4f229667e93ec0e3.js:0
[  186954ms] [ERROR] Failed to load resource: the server responded with a status of 500 () @ https://api-qa-my.innago.com/income/invoices/group-by-property:0
[  186956ms] [LOG] Error Message:  @ https://qa-property-owner.innago.com/1886.4f229667e93ec0e3.js:0
[  186964ms] [ERROR] Failed to load resource: the server responded with a status of 500 () @ https://api-qa-my.innago.com/income/invoices/overdue-invoices:0
[  186965ms] [LOG] Error Message:  @ https://qa-property-owner.innago.com/1886.4f229667e93ec0e3.js:0
[  186966ms] [ERROR] Failed to load resource: the server responded with a status of 500 () @ https://api-qa-my.innago.com/income/invoices/statics:0
[  186967ms] [LOG] Error Message:  @ https://qa-property-owner.innago.com/1886.4f229667e93ec0e3.js:0
[  206825ms] [WARNING] Google Maps JavaScript API has been loaded directly without loading=async. This can result in suboptimal performance. For best-practice loading patterns please see https://goo.gle/js-api-loading @ https://maps.googleapis.com/maps/api/js?key=AIzaSyBjRZCoAbS_k0MRdrtmdT2wm0Hqspn8O5o&libraries=places:2586
[  206859ms] [WARNING] Unsatisfied version 15.2.10 from po-app of shared singleton module @angular/core (required ^auto) @ https://qa-property-owner.innago.com/main.d27236a1162168a6.js:0
[  206859ms] [WARNING] Unsatisfied version 7.8.2 from po-app of shared singleton module rxjs (required ^auto) @ https://qa-property-owner.innago.com/main.d27236a1162168a6.js:0
[  206860ms] [WARNING] Unsatisfied version 15.2.10 from po-app of shared singleton module @angular/common (required ^auto) @ https://qa-property-owner.innago.com/main.d27236a1162168a6.js:0
[  206860ms] [WARNING] Unsatisfied version 15.2.10 from po-app of shared singleton module @angular/platform-browser (required ^auto) @ https://qa-property-owner.innago.com/main.d27236a1162168a6.js:0
[  206860ms] [WARNING] Unsatisfied version 15.2.2 from po-app of shared singleton module ngx-toastr (required ^auto) @ https://qa-property-owner.innago.com/main.d27236a1162168a6.js:0
[  206860ms] [WARNING] Unsatisfied version 15.2.10 from po-app of shared singleton module @angular/animations (required ^auto) @ https://qa-property-owner.innago.com/main.d27236a1162168a6.js:0
[  206861ms] [WARNING] Unsatisfied version 15.2.10 from po-app of shared singleton module @angular/common/http (required ^auto) @ https://qa-property-owner.innago.com/main.d27236a1162168a6.js:0
[  206861ms] [WARNING] Unsatisfied version 15.2.10 from po-app of shared singleton module @angular/router (required ^auto) @ https://qa-property-owner.innago.com/main.d27236a1162168a6.js:0
[  206861ms] [WARNING] Unsatisfied version 15.2.10 from po-app of shared singleton module @angular/forms (required ^auto) @ https://qa-property-owner.innago.com/main.d27236a1162168a6.js:0
[  206861ms] [WARNING] Unsatisfied version 15.4.0 from po-app of shared singleton module @ngrx/store (required ^auto) @ https://qa-property-owner.innago.com/main.d27236a1162168a6.js:0
[  206862ms] [WARNING] Unsatisfied version 15.4.0 from po-app of shared singleton module @ngrx/effects (required ^auto) @ https://qa-property-owner.innago.com/main.d27236a1162168a6.js:0
[  206874ms] [WARNING] Environment.configService is not initialized. Returning undefined for key: intercomAppId @ https://qa-property-owner.innago.com/1886.4f229667e93ec0e3.js:0
[  206878ms] [WARNING] Environment.configService is not initialized. Returning undefined for key: logLevel @ https://qa-property-owner.innago.com/1886.4f229667e93ec0e3.js:0
[  206878ms] [WARNING] Environment.configService is not initialized. Returning undefined for key: logUrl @ https://qa-property-owner.innago.com/1886.4f229667e93ec0e3.js:0
[  206879ms] [WARNING] Environment.configService is not initialized. Returning undefined for key: logLevel @ https://qa-property-owner.innago.com/1886.4f229667e93ec0e3.js:0
[  206879ms] [WARNING] Environment.configService is not initialized. Returning undefined for key: logUrl @ https://qa-property-owner.innago.com/1886.4f229667e93ec0e3.js:0
[  209054ms] [WARNING] Notifications permission has been blocked as the user has dismissed the permission prompt several times. This can be reset in Page Info which can be accessed by clicking the tune icon next to the URL. See https://www.chromestatus.com/feature/6443143280984064 for more information. @ https://qa-property-owner.innago.com/finance/invoices/list/:0
[  209054ms] [LOG] denied @ https://qa-property-owner.innago.com/1886.4f229667e93ec0e3.js:0
[  209391ms] [LOG] 122.161.72.85 @ https://qa-property-owner.innago.com/1886.4f229667e93ec0e3.js:0
[  209585ms] [LOG] rolledout_help.intercom true @ https://qa-property-owner.innago.com/1886.4f229667e93ec0e3.js:0
[  209684ms] [ERROR] Failed to load resource: the server responded with a status of 500 () @ https://api-qa-my.innago.com/chatms/chat/ck/user/create:0
[  210529ms] [INFO] [2026-07-24T11:48:30.982Z] Information: WebSocket connected to wss://qa-sockets.innago.com/signalr?id=2LvU8lZDtO6HF4pSeTkIuA. @ https://qa-property-owner.innago.com/1886.4f229667e93ec0e3.js:0
[  211387ms] [ERROR] Failed to load resource: the server responded with a status of 500 () @ https://api-qa-my.innago.com/income/invoices/overdue-invoices:0
[  211389ms] [LOG] Error Message:  @ https://qa-property-owner.innago.com/1886.4f229667e93ec0e3.js:0
[  211394ms] [ERROR] Failed to load resource: the server responded with a status of 500 () @ https://api-qa-my.innago.com/income/invoices/group-by-property:0
[  211395ms] [LOG] Error Message:  @ https://qa-property-owner.innago.com/1886.4f229667e93ec0e3.js:0
[  211405ms] [ERROR] Failed to load resource: the server responded with a status of 500 () @ https://api-qa-my.innago.com/income/invoices/statics:0
[  211408ms] [LOG] Error Message:  @ https://qa-property-owner.innago.com/1886.4f229667e93ec0e3.js:0
[  233296ms] [ERROR] Failed to load resource: the server responded with a status of 500 () @ https://api-qa-my.innago.com/income/invoices/group-by-property:0
[  233299ms] [LOG] Error Message:  @ https://qa-property-owner.innago.com/1886.4f229667e93ec0e3.js:0
[  233306ms] [ERROR] Failed to load resource: the server responded with a status of 500 () @ https://api-qa-my.innago.com/income/invoices/statics:0
[  233307ms] [LOG] Error Message:  @ https://qa-property-owner.innago.com/1886.4f229667e93ec0e3.js:0
[  237169ms] [ERROR] The script has an unsupported MIME type ('text/html'). @ :0
[  237170ms] [ERROR] Service worker registration failed with: SecurityError: Failed to register a ServiceWorker for scope ('https://qa-property-owner.innago.com/') with script ('https://qa-property-owner.innago.com/notification-worker.js'): The script has an unsupported MIME type ('text/html'). @ https://qa-property-owner.innago.com/1886.4f229667e93ec0e3.js:0
